2026-06-15 18:46:09 - Script started
2026-06-15 18:46:10 - Checking send_assessment_msg handler
2026-06-15 18:46:13 - Script started
2026-06-15 18:46:13 - POST RECEIVED: Array
(
    [action] => send_assessment_msg
    [assess_id] => assess_3
    [recipient_email] => limutosgerald@gmail.com
    [custom_message] => 
)

2026-06-15 18:46:13 - Checking send_assessment_msg handler
2026-06-15 18:46:13 - POST action: send_assessment_msg
2026-06-15 18:46:13 - send_assessment_msg handler ACTIVATED!
2026-06-15 18:46:13 - assessId: assess_3, recipEmail: limutosgerald@gmail.com, assessment exists? NO
2026-06-15 18:50:29 - Script started
2026-06-15 18:50:29 - Checking send_assessment_msg handler
2026-06-15 18:50:32 - Script started
2026-06-15 18:50:32 - POST RECEIVED: Array
(
    [action] => send_assessment_msg
    [assess_id] => assess_3
    [recipient_email] => limutosgerald@gmail.com
    [custom_message] => 
)

2026-06-15 18:50:32 - Checking send_assessment_msg handler
2026-06-15 18:50:32 - POST action: send_assessment_msg
2026-06-15 18:50:32 - send_assessment_msg handler ACTIVATED!
2026-06-15 18:50:32 - assessId: assess_3, recipEmail: limutosgerald@gmail.com, assessment exists? NO
2026-06-15 18:52:28 - Script started
2026-06-15 18:52:28 - POST RECEIVED: Array
(
    [action] => send_assessment_msg
    [assess_id] => assess_3
    [recipient_email] => limutosgerald@gmail.com
    [custom_message] => 
)

2026-06-15 18:52:28 - Checking send_assessment_msg handler
2026-06-15 18:52:28 - POST action: send_assessment_msg
2026-06-15 18:52:28 - send_assessment_msg handler ACTIVATED!
2026-06-15 18:52:28 - assessId: assess_3, recipEmail: limutosgerald@gmail.com, assessment exists? YES
2026-06-15 18:52:28 - Script started
2026-06-15 18:52:29 - Checking send_assessment_msg handler
2026-06-15 19:00:36 - Checking send_assessment_msg handler
2026-06-15 19:00:39 - Checking send_assessment_msg handler
2026-06-15 19:00:39 - POST action: send_assessment_msg
2026-06-15 19:00:39 - send_assessment_msg handler ACTIVATED!
2026-06-15 19:00:39 - assessId: assess_3, recipEmail: limutosgerald@gmail.com, assessment exists? YES
2026-06-15 19:00:39 - Checking send_assessment_msg handler
2026-06-15 19:01:21 - Checking send_assessment_msg handler
2026-06-15 19:03:11 - Checking send_assessment_msg handler
2026-06-15 19:03:15 - Checking send_assessment_msg handler
2026-06-15 19:11:17 - Checking send_assessment_msg handler
2026-06-15 19:11:22 - Checking send_assessment_msg handler
2026-06-15 19:11:22 - POST action: send_assessment_msg
2026-06-15 19:11:22 - send_assessment_msg handler ACTIVATED!
2026-06-15 19:11:22 - assessId: assess_3, recipEmail: limutosgerald@gmail.com, assessment exists? YES
2026-06-15 19:11:23 - Checking send_assessment_msg handler
2026-06-15 19:12:20 - Checking send_assessment_msg handler
2026-06-15 19:12:26 - Checking send_assessment_msg handler
2026-06-15 19:14:08 - Checking send_assessment_msg handler
2026-06-15 19:14:11 - Checking send_assessment_msg handler
2026-06-15 19:19:30 - Checking send_assessment_msg handler
2026-06-15 19:19:54 - Checking send_assessment_msg handler
2026-06-15 19:20:01 - Checking send_assessment_msg handler
2026-06-15 19:20:06 - Checking send_assessment_msg handler
2026-06-15 19:20:12 - Checking send_assessment_msg handler
2026-06-15 19:20:12 - POST action: send_assessment_msg
2026-06-15 19:20:12 - send_assessment_msg handler ACTIVATED!
2026-06-15 19:20:12 - assessId: assess_4, recipEmail: limutosgerald@gmail.com, assessment exists? YES
2026-06-15 19:20:12 - Checking send_assessment_msg handler
2026-06-15 19:23:49 - Checking send_assessment_msg handler
2026-06-15 19:23:53 - Checking send_assessment_msg handler
2026-06-15 19:24:01 - Checking send_assessment_msg handler
2026-06-15 19:24:01 - POST action: create_assessment
2026-06-15 19:24:22 - Checking send_assessment_msg handler
2026-06-15 19:24:34 - Checking send_assessment_msg handler
2026-06-15 19:24:34 - POST action: mark_notifs_read
2026-06-15 19:24:43 - Checking send_assessment_msg handler
2026-06-15 19:24:45 - Checking send_assessment_msg handler
2026-06-15 19:25:04 - Checking send_assessment_msg handler
2026-06-15 19:25:04 - POST action: send_assessment_msg
2026-06-15 19:25:04 - send_assessment_msg handler ACTIVATED!
2026-06-15 19:25:04 - assessId: assess_5, recipEmail: limutosgerald@gmail.com, assessment exists? YES
2026-06-15 19:25:04 - Checking send_assessment_msg handler
2026-06-15 19:25:51 - Checking send_assessment_msg handler
2026-06-15 19:25:52 - Checking send_assessment_msg handler
2026-06-15 19:26:32 - Checking send_assessment_msg handler
2026-06-15 19:27:15 - Checking send_assessment_msg handler
2026-06-15 19:27:18 - Checking send_assessment_msg handler
2026-06-15 19:27:39 - Checking send_assessment_msg handler
2026-06-15 19:27:53 - Checking send_assessment_msg handler
2026-06-15 19:27:56 - Checking send_assessment_msg handler
2026-06-15 19:27:59 - Checking send_assessment_msg handler
2026-06-15 19:27:59 - POST action: send_assessment_msg
2026-06-15 19:27:59 - send_assessment_msg handler ACTIVATED!
2026-06-15 19:27:59 - assessId: assess_7, recipEmail: limutosgerald@gmail.com, assessment exists? YES
2026-06-15 19:27:59 - Checking send_assessment_msg handler
2026-06-15 19:28:05 - Checking send_assessment_msg handler
2026-06-15 19:28:05 - POST action: send_assessment_msg
2026-06-15 19:28:05 - send_assessment_msg handler ACTIVATED!
2026-06-15 19:28:05 - assessId: assess_6, recipEmail: limutosgerald@gmail.com, assessment exists? YES
2026-06-15 19:28:05 - Checking send_assessment_msg handler
2026-06-15 19:29:23 - Checking send_assessment_msg handler
2026-06-15 19:29:25 - Checking send_assessment_msg handler
