2026-06-15 18:50:32 - cs_get_assessment_by_id called with id: assess_3
2026-06-15 18:50:32 - dbAssessId: 0
2026-06-15 18:50:32 - Checking session for assessment, cs_assessments count: 0
2026-06-15 18:50:32 - No assessment found at all, returning null
2026-06-15 18:52:28 - cs_get_assessment_by_id called with id: assess_3
2026-06-15 18:52:28 - dbAssessId: 3
2026-06-15 18:52:28 - dbAssess found? YES
2026-06-15 18:52:28 - dbAssess: Array
(
    [assessment_id] => 3
    [title] => assessment 1
    [instructions] => just answer mate
    [time_limit_mins] => 30
    [created_at] => 2026-06-16 00:11:00
    [created_by] => 17
)

2026-06-15 18:56:17 - cs_get_assessment_by_id called with id: assess_3
2026-06-15 18:56:17 - dbAssessId: 3
2026-06-15 18:56:17 - dbAssess found? YES
2026-06-15 18:56:17 - dbAssess: Array
(
    [assessment_id] => 3
    [title] => assessment 1
    [instructions] => just answer mate
    [time_limit_mins] => 30
    [created_at] => 2026-06-16 00:11:00
    [created_by] => 17
)

